Detecting compiler hash for triplet x64-windows...
Compiler found: S:/VS1/VC/Tools/MSVC/14.51.36231/bin/Hostx64/x64/cl.exe
The following packages are already installed:
    glfw3:x64-windows@3.4#1
    glm:x64-windows@1.0.3
  * vcpkg-cmake:x64-windows@2024-04-23
  * vcpkg-cmake-config:x64-windows@2024-05-23
    vulkan:x64-windows@2023-12-17
  * vulkan-headers:x64-windows@1.4.341.0
  * vulkan-loader:x64-windows@1.4.341.0
glfw3 provides CMake targets:

  # this is heuristically generated, and may not be correct
  find_package(glfw3 CONFIG REQUIRED)
  target_link_libraries(main PRIVATE glfw)

glfw3 provides pkg-config modules:

  # A multi-platform library for OpenGL, window and input
  glfw3

The package glm provides CMake targets:

    find_package(glm CONFIG REQUIRED)
    target_link_libraries(main PRIVATE glm::glm)

    # Or use the header-only version
    find_package(glm CONFIG REQUIRED)
    target_link_libraries(main PRIVATE glm::glm-header-only)

vulkan is compatible with built-in CMake targets:

    # https://cmake.org/cmake/help/latest/module/FindVulkan.html
    find_package(Vulkan REQUIRED)
    target_link_libraries(main PRIVATE Vulkan::Vulkan)

All requested installations completed successfully in: 891 us
